At test CallablePawnTest.testSomethingRandom
Hello f33d8404-d498-421f-bcef-71ea215bbe66
At test CallablePawnTest.testSizeOfList
Hello b0b748ad-e3ec-427b-a887-c1bee694f257
At test CallablePawnTest.testSumming
Hello 46f7a556-98e5-40ba-9f6e-ee7d76d41e3d
Called getSubSum with arg: 0.0
Called getSubSum with arg: 1.0
Called getSubSum with arg: 2.0
Called getSubSum with arg: 3.0
Called getSubSum with arg: 4.0
Called getSubSum with arg: 5.0
Called getSubSum with arg: 6.0
Called getSubSum with arg: 7.0
Called getSubSum with arg: 8.0
Called getSubSum with arg: 9.0
Called getSubSum with arg: 10.0
From getTheSumGoingForward(), the total is: 277750.0
Called getSubSum with arg: 10.0
Called getSubSum with arg: 9.0
Called getSubSum with arg: 8.0
Called getSubSum with arg: 7.0
Called getSubSum with arg: 6.0
Called getSubSum with arg: 5.0
Called getSubSum with arg: 4.0
Called getSubSum with arg: 3.0
Called getSubSum with arg: 2.0
Called getSubSum with arg: 1.0
From getTheSumGoingBackward(), the total is: 277750.0
